0 verbose cli /usr/local/bin/node /usr/local/bin/npm
1 info using npm@10.9.4
2 info using node@v22.21.0
3 silly config load:file:/usr/local/lib/node_modules/npm/npmrc
4 silly config load:file:/home/container/.npmrc
5 silly config load:file:/usr/local/etc/npmrc
6 verbose title npm install youtube-dl-exec express
7 verbose argv "install" "youtube-dl-exec" "express"
8 verbose logfile logs-max:10 dir:/home/container/.npm/_logs/2025-12-28T02_22_06_155Z-
9 verbose logfile /home/container/.npm/_logs/2025-12-28T02_22_06_155Z-debug-0.log
10 silly logfile start cleaning logs, removing 1 files
11 silly logfile done cleaning log files
12 silly packumentCache heap:2102132736 maxSize:525533184 maxEntrySize:262766592
13 silly idealTree buildDeps
14 silly fetch manifest express@^4.22.1
15 silly packumentCache full:https://registry.npmjs.org/express cache-miss
16 http cache https://registry.npmjs.org/express 100ms (cache hit)
17 silly packumentCache full:https://registry.npmjs.org/express set size:801189 disposed:false
18 silly fetch manifest youtube-dl-exec@*
19 silly packumentCache full:https://registry.npmjs.org/youtube-dl-exec cache-miss
20 http cache https://registry.npmjs.org/youtube-dl-exec 347ms (cache hit)
21 silly packumentCache full:https://registry.npmjs.org/youtube-dl-exec set size:509088 disposed:false
22 silly placeDep ROOT express@4.22.1 REPLACE for:  want: ^4.22.1
23 silly placeDep ROOT youtube-dl-exec@3.0.28 OK for:  want: *
24 silly fetch manifest binary-version-check@~6.1.0
25 silly packumentCache full:https://registry.npmjs.org/binary-version-check cache-miss
26 http cache https://registry.npmjs.org/binary-version-check 10ms (cache hit)
27 silly packumentCache full:https://registry.npmjs.org/binary-version-check set size:3886 disposed:false
28 silly fetch manifest dargs@~7.0.0
29 silly packumentCache full:https://registry.npmjs.org/dargs cache-miss
30 http cache https://registry.npmjs.org/dargs 8ms (cache hit)
31 silly packumentCache full:https://registry.npmjs.org/dargs set size:41533 disposed:false
32 silly fetch manifest debug-logfmt@~1.4.0
33 silly packumentCache full:https://registry.npmjs.org/debug-logfmt cache-miss
34 http cache https://registry.npmjs.org/debug-logfmt 6ms (cache hit)
35 silly packumentCache full:https://registry.npmjs.org/debug-logfmt set size:61737 disposed:false
36 silly fetch manifest is-unix@~2.0.10
37 silly packumentCache full:https://registry.npmjs.org/is-unix cache-miss
38 http cache https://registry.npmjs.org/is-unix 7ms (cache hit)
39 silly packumentCache full:https://registry.npmjs.org/is-unix set size:56835 disposed:false
40 silly fetch manifest tinyspawn@~1.5.0
41 silly packumentCache full:https://registry.npmjs.org/tinyspawn cache-miss
42 http cache https://registry.npmjs.org/tinyspawn 7ms (cache hit)
43 silly packumentCache full:https://registry.npmjs.org/tinyspawn set size:114206 disposed:false
44 silly placeDep ROOT binary-version-check@6.1.0 OK for: youtube-dl-exec@3.0.28 want: ~6.1.0
45 silly placeDep ROOT dargs@7.0.0 OK for: youtube-dl-exec@3.0.28 want: ~7.0.0
46 silly placeDep ROOT debug-logfmt@1.4.7 OK for: youtube-dl-exec@3.0.28 want: ~1.4.0
47 silly placeDep ROOT is-unix@2.0.14 OK for: youtube-dl-exec@3.0.28 want: ~2.0.10
48 silly placeDep ROOT tinyspawn@1.5.5 OK for: youtube-dl-exec@3.0.28 want: ~1.5.0
49 silly fetch manifest binary-version@^7.1.0
50 silly packumentCache full:https://registry.npmjs.org/binary-version cache-miss
51 http cache https://registry.npmjs.org/binary-version 6ms (cache hit)
52 silly packumentCache full:https://registry.npmjs.org/binary-version set size:4091 disposed:false
53 silly fetch manifest semver-truncate@^3.0.0
54 silly packumentCache full:https://registry.npmjs.org/semver-truncate cache-miss
55 http cache https://registry.npmjs.org/semver-truncate 7ms (cache hit)
56 silly packumentCache full:https://registry.npmjs.org/semver-truncate set size:13419 disposed:false
57 silly fetch manifest @kikobeats/time-span@~1.0.5
58 silly packumentCache full:https://registry.npmjs.org/@kikobeats%2ftime-span cache-miss
59 http cache https://registry.npmjs.org/@kikobeats%2ftime-span 7ms (cache hit)
60 silly packumentCache full:https://registry.npmjs.org/@kikobeats%2ftime-span set size:36447 disposed:false
61 silly fetch manifest null-prototype-object@~1.2.2
62 silly packumentCache full:https://registry.npmjs.org/null-prototype-object cache-miss
63 http cache https://registry.npmjs.org/null-prototype-object 4ms (cache hit)
64 silly packumentCache full:https://registry.npmjs.org/null-prototype-object set size:28991 disposed:false
65 silly fetch manifest pretty-ms@~7.0.1
66 silly packumentCache full:https://registry.npmjs.org/pretty-ms cache-miss
67 http cache https://registry.npmjs.org/pretty-ms 5ms (cache hit)
68 silly packumentCache full:https://registry.npmjs.org/pretty-ms set size:61783 disposed:false
69 silly placeDep ROOT binary-version@7.1.0 OK for: binary-version-check@6.1.0 want: ^7.1.0
70 silly placeDep ROOT semver-truncate@3.0.0 OK for: binary-version-check@6.1.0 want: ^3.0.0
71 silly fetch manifest execa@^8.0.1
72 silly packumentCache full:https://registry.npmjs.org/execa cache-miss
73 http cache https://registry.npmjs.org/execa 11ms (cache hit)
74 silly packumentCache full:https://registry.npmjs.org/execa set size:181234 disposed:false
75 silly fetch manifest find-versions@^6.0.0
76 silly packumentCache full:https://registry.npmjs.org/find-versions cache-miss
77 http cache https://registry.npmjs.org/find-versions 5ms (cache hit)
78 silly packumentCache full:https://registry.npmjs.org/find-versions set size:35756 disposed:false
79 silly placeDep ROOT execa@8.0.1 OK for: binary-version@7.1.0 want: ^8.0.1
80 silly placeDep ROOT find-versions@6.0.0 OK for: binary-version@7.1.0 want: ^6.0.0
81 silly fetch manifest onetime@^6.0.0
82 silly packumentCache full:https://registry.npmjs.org/onetime cache-miss
83 http cache https://registry.npmjs.org/onetime 5ms (cache hit)
84 silly packumentCache full:https://registry.npmjs.org/onetime set size:30525 disposed:false
85 silly fetch manifest is-stream@^3.0.0
86 silly packumentCache full:https://registry.npmjs.org/is-stream cache-miss
87 http cache https://registry.npmjs.org/is-stream 4ms (cache hit)
88 silly packumentCache full:https://registry.npmjs.org/is-stream set size:18582 disposed:false
89 silly fetch manifest get-stream@^8.0.1
90 silly packumentCache full:https://registry.npmjs.org/get-stream cache-miss
91 http cache https://registry.npmjs.org/get-stream 8ms (cache hit)
92 silly packumentCache full:https://registry.npmjs.org/get-stream set size:57536 disposed:false
93 silly fetch manifest cross-spawn@^7.0.3
94 silly packumentCache full:https://registry.npmjs.org/cross-spawn cache-miss
95 http cache https://registry.npmjs.org/cross-spawn 6ms (cache hit)
96 silly packumentCache full:https://registry.npmjs.org/cross-spawn set size:109066 disposed:false
97 silly fetch manifest signal-exit@^4.1.0
98 silly packumentCache full:https://registry.npmjs.org/signal-exit cache-miss
99 http cache https://registry.npmjs.org/signal-exit 9ms (cache hit)
100 silly packumentCache full:https://registry.npmjs.org/signal-exit set size:53489 disposed:false
101 silly fetch manifest merge-stream@^2.0.0
102 silly packumentCache full:https://registry.npmjs.org/merge-stream cache-miss
103 http cache https://registry.npmjs.org/merge-stream 15ms (cache hit)
104 silly packumentCache full:https://registry.npmjs.org/merge-stream set size:22168 disposed:false
105 silly fetch manifest npm-run-path@^5.1.0
106 silly packumentCache full:https://registry.npmjs.org/npm-run-path cache-miss
107 http cache https://registry.npmjs.org/npm-run-path 4ms (cache hit)
108 silly packumentCache full:https://registry.npmjs.org/npm-run-path set size:33596 disposed:false
109 silly fetch manifest human-signals@^5.0.0
110 silly packumentCache full:https://registry.npmjs.org/human-signals cache-miss
111 http cache https://registry.npmjs.org/human-signals 5ms (cache hit)
112 silly packumentCache full:https://registry.npmjs.org/human-signals set size:47322 disposed:false
113 silly fetch manifest strip-final-newline@^3.0.0
114 silly packumentCache full:https://registry.npmjs.org/strip-final-newline cache-miss
115 http cache https://registry.npmjs.org/strip-final-newline 5ms (cache hit)
116 silly packumentCache full:https://registry.npmjs.org/strip-final-newline set size:9328 disposed:false
117 silly fetch manifest semver-regex@^4.0.5
118 silly packumentCache full:https://registry.npmjs.org/semver-regex cache-miss
119 http cache https://registry.npmjs.org/semver-regex 3ms (cache hit)
120 silly packumentCache full:https://registry.npmjs.org/semver-regex set size:41145 disposed:false
121 silly fetch manifest super-regex@^1.0.0
122 silly packumentCache full:https://registry.npmjs.org/super-regex cache-miss
123 http cache https://registry.npmjs.org/super-regex 4ms (cache hit)
124 silly packumentCache full:https://registry.npmjs.org/super-regex set size:17813 disposed:false
125 silly placeDep ROOT @kikobeats/time-span@1.0.11 OK for: debug-logfmt@1.4.7 want: ~1.0.5
126 silly placeDep ROOT null-prototype-object@1.2.5 OK for: debug-logfmt@1.4.7 want: ~1.2.2
127 silly placeDep ROOT pretty-ms@7.0.1 OK for: debug-logfmt@1.4.7 want: ~7.0.1
128 silly fetch manifest parse-ms@^2.1.0
129 silly packumentCache full:https://registry.npmjs.org/parse-ms cache-miss
130 http cache https://registry.npmjs.org/parse-ms 4ms (cache hit)
131 silly packumentCache full:https://registry.npmjs.org/parse-ms set size:18020 disposed:false
132 silly placeDep ROOT cross-spawn@7.0.6 OK for: execa@8.0.1 want: ^7.0.3
133 silly placeDep node_modules/execa get-stream@8.0.1 OK for: execa@8.0.1 want: ^8.0.1
134 silly placeDep ROOT human-signals@5.0.0 OK for: execa@8.0.1 want: ^5.0.0
135 silly placeDep ROOT is-stream@3.0.0 OK for: execa@8.0.1 want: ^3.0.0
136 silly placeDep ROOT merge-stream@2.0.0 OK for: execa@8.0.1 want: ^2.0.0
137 silly placeDep ROOT npm-run-path@5.3.0 OK for: execa@8.0.1 want: ^5.1.0
138 silly placeDep ROOT onetime@6.0.0 OK for: execa@8.0.1 want: ^6.0.0
139 silly placeDep node_modules/execa signal-exit@4.1.0 OK for: execa@8.0.1 want: ^4.1.0
140 silly placeDep ROOT strip-final-newline@3.0.0 OK for: execa@8.0.1 want: ^3.0.0
141 silly fetch manifest which@^2.0.1
142 silly packumentCache full:https://registry.npmjs.org/which cache-miss
143 http cache https://registry.npmjs.org/which 7ms (cache hit)
144 silly packumentCache full:https://registry.npmjs.org/which set size:65264 disposed:false
145 silly fetch manifest path-key@^3.1.0
146 silly packumentCache full:https://registry.npmjs.org/path-key cache-miss
147 http cache https://registry.npmjs.org/path-key 5ms (cache hit)
148 silly packumentCache full:https://registry.npmjs.org/path-key set size:16975 disposed:false
149 silly fetch manifest shebang-command@^2.0.0
150 silly packumentCache full:https://registry.npmjs.org/shebang-command cache-miss
151 http cache https://registry.npmjs.org/shebang-command 5ms (cache hit)
152 silly packumentCache full:https://registry.npmjs.org/shebang-command set size:8525 disposed:false
153 silly fetch manifest path-key@^4.0.0
154 silly packumentCache full:https://registry.npmjs.org/path-key cache-hit
155 silly fetch manifest mimic-fn@^4.0.0
156 silly packumentCache full:https://registry.npmjs.org/mimic-fn cache-miss
157 http cache https://registry.npmjs.org/mimic-fn 6ms (cache hit)
158 silly packumentCache full:https://registry.npmjs.org/mimic-fn set size:22257 disposed:false
159 silly placeDep ROOT path-key@3.1.1 OK for: cross-spawn@7.0.6 want: ^3.1.0
160 silly placeDep ROOT shebang-command@2.0.0 OK for: cross-spawn@7.0.6 want: ^2.0.0
161 silly placeDep node_modules/cross-spawn which@2.0.2 OK for: cross-spawn@7.0.6 want: ^2.0.1
162 silly fetch manifest shebang-regex@^3.0.0
163 silly packumentCache full:https://registry.npmjs.org/shebang-regex cache-miss
164 http cache https://registry.npmjs.org/shebang-regex 5ms (cache hit)
165 silly packumentCache full:https://registry.npmjs.org/shebang-regex set size:9763 disposed:false
166 silly placeDep ROOT semver-regex@4.0.5 OK for: find-versions@6.0.0 want: ^4.0.5
167 silly placeDep ROOT super-regex@1.1.0 OK for: find-versions@6.0.0 want: ^1.0.0
168 silly fetch manifest function-timeout@^1.0.1
169 silly packumentCache full:https://registry.npmjs.org/function-timeout cache-miss
170 http cache https://registry.npmjs.org/function-timeout 5ms (cache hit)
171 silly packumentCache full:https://registry.npmjs.org/function-timeout set size:14286 disposed:false
172 silly fetch manifest make-asynchronous@^1.0.1
173 silly packumentCache full:https://registry.npmjs.org/make-asynchronous cache-miss
174 http cache https://registry.npmjs.org/make-asynchronous 5ms (cache hit)
175 silly packumentCache full:https://registry.npmjs.org/make-asynchronous set size:16704 disposed:false
176 silly fetch manifest time-span@^5.1.0
177 silly packumentCache full:https://registry.npmjs.org/time-span cache-miss
178 http cache https://registry.npmjs.org/time-span 5ms (cache hit)
179 silly packumentCache full:https://registry.npmjs.org/time-span set size:18816 disposed:false
180 silly placeDep node_modules/npm-run-path path-key@4.0.0 OK for: npm-run-path@5.3.0 want: ^4.0.0
181 silly placeDep ROOT mimic-fn@4.0.0 OK for: onetime@6.0.0 want: ^4.0.0
182 silly placeDep ROOT parse-ms@2.1.0 OK for: pretty-ms@7.0.1 want: ^2.1.0
183 silly placeDep ROOT shebang-regex@3.0.0 OK for: shebang-command@2.0.0 want: ^3.0.0
184 silly placeDep ROOT function-timeout@1.0.2 OK for: super-regex@1.1.0 want: ^1.0.1
185 silly placeDep ROOT make-asynchronous@1.0.1 OK for: super-regex@1.1.0 want: ^1.0.1
186 silly placeDep ROOT time-span@5.1.0 OK for: super-regex@1.1.0 want: ^5.1.0
187 silly fetch manifest p-event@^6.0.0
188 silly packumentCache full:https://registry.npmjs.org/p-event cache-miss
189 http cache https://registry.npmjs.org/p-event 6ms (cache hit)
190 silly packumentCache full:https://registry.npmjs.org/p-event set size:54668 disposed:false
191 silly fetch manifest type-fest@^4.6.0
192 silly packumentCache full:https://registry.npmjs.org/type-fest cache-miss
193 http cache https://registry.npmjs.org/type-fest 8ms (cache hit)
194 silly packumentCache full:https://registry.npmjs.org/type-fest set size:542005 disposed:false
195 silly fetch manifest web-worker@1.2.0
196 silly packumentCache full:https://registry.npmjs.org/web-worker cache-miss
197 http cache https://registry.npmjs.org/web-worker 23ms (cache hit)
198 silly packumentCache full:https://registry.npmjs.org/web-worker set size:32638 disposed:false
199 silly fetch manifest convert-hrtime@^5.0.0
200 silly packumentCache full:https://registry.npmjs.org/convert-hrtime cache-miss
201 http cache https://registry.npmjs.org/convert-hrtime 4ms (cache hit)
202 silly packumentCache full:https://registry.npmjs.org/convert-hrtime set size:12856 disposed:false
203 silly placeDep ROOT p-event@6.0.1 OK for: make-asynchronous@1.0.1 want: ^6.0.0
204 silly placeDep ROOT type-fest@4.41.0 OK for: make-asynchronous@1.0.1 want: ^4.6.0
205 silly placeDep ROOT web-worker@1.2.0 OK for: make-asynchronous@1.0.1 want: 1.2.0
206 silly fetch manifest p-timeout@^6.1.2
207 silly packumentCache full:https://registry.npmjs.org/p-timeout cache-miss
208 http cache https://registry.npmjs.org/p-timeout 5ms (cache hit)
209 silly packumentCache full:https://registry.npmjs.org/p-timeout set size:60739 disposed:false
210 silly placeDep ROOT p-timeout@6.1.4 OK for: p-event@6.0.1 want: ^6.1.2
211 silly placeDep ROOT convert-hrtime@5.0.0 OK for: time-span@5.1.0 want: ^5.0.0
212 silly reify moves {}
213 silly audit bulk request {
213 silly audit   '@discordjs/builders': [ '1.13.1' ],
213 silly audit   '@discordjs/collection': [ '1.5.3', '2.1.1' ],
213 silly audit   '@discordjs/formatters': [ '0.6.2' ],
213 silly audit   '@discordjs/rest': [ '2.6.0' ],
213 silly audit   '@discordjs/util': [ '1.2.0' ],
213 silly audit   '@discordjs/ws': [ '1.2.3' ],
213 silly audit   '@distube/ytdl-core': [ '4.16.12' ],
213 silly audit   'agent-base': [ '7.1.4', '6.0.2', '7.1.1' ],
213 silly audit   'http-cookie-agent': [ '7.0.3' ],
213 silly audit   'https-proxy-agent': [ '7.0.6', '5.0.1', '7.0.5' ],
213 silly audit   sax: [ '1.4.3', '1.2.4' ],
213 silly audit   undici: [ '7.16.0', '6.21.3' ],
213 silly audit   '@mapbox/node-pre-gyp': [ '1.0.11' ],
213 silly audit   '@sapphire/async-queue': [ '1.5.5' ],
213 silly audit   '@sapphire/shapeshift': [ '4.0.0' ],
213 silly audit   '@sapphire/snowflake': [ '3.5.3' ],
213 silly audit   '@sindresorhus/is': [ '5.6.0' ],
213 silly audit   '@szmarczak/http-timer': [ '5.0.1' ],
213 silly audit   '@types/http-cache-semantics': [ '4.0.4' ],
213 silly audit   '@types/node': [ '25.0.3' ],
213 silly audit   '@types/ws': [ '8.18.1' ],
213 silly audit   '@vladfrangu/async_event_emitter': [ '2.4.7' ],
213 silly audit   abbrev: [ '1.1.1' ],
213 silly audit   accepts: [ '1.3.8' ],
213 silly audit   'ansi-regex': [ '5.0.1' ],
213 silly audit   'any-promise': [ '1.3.0' ],
213 silly audit   aproba: [ '2.0.0' ],
213 silly audit   'are-we-there-yet': [ '2.0.0' ],
213 silly audit   'array-flatten': [ '1.1.1' ],
213 silly audit   async: [ '0.2.10' ],
213 silly audit   asynckit: [ '0.4.0' ],
213 silly audit   'aws-ssl-profiles': [ '1.1.2' ],
213 silly audit   axios: [ '1.13.2' ],
213 silly audit   'balanced-match': [ '1.0.2' ],
213 silly audit   barse: [ '0.4.3' ],
213 silly audit   'readable-stream': [ '1.0.34', '3.6.2', '2.3.8' ],
213 silly audit   string_decoder: [ '0.10.31', '1.3.0', '1.1.1' ],
213 silly audit   bcrypt: [ '5.1.1' ],
213 silly audit   'body-parser': [ '1.20.4' ],
213 silly audit   debug: [ '2.6.9', '4.4.3' ],
213 silly audit   'iconv-lite': [ '0.4.24', '0.6.3' ],
213 silly audit   ms: [ '2.0.0', '2.1.3' ],
213 silly audit   boolbase: [ '1.0.0' ],
213 silly audit   'brace-expansion': [ '1.1.12' ],
213 silly audit   bytes: [ '3.1.2' ],
213 silly audit   'cacheable-lookup': [ '7.0.0' ],
213 silly audit   'cacheable-request': [ '10.2.14' ],
213 silly audit   'call-bind-apply-helpers': [ '1.0.2' ],
213 silly audit   'call-bound': [ '1.0.4' ],
213 silly audit   cheerio: [ '1.0.0-rc.12' ],
213 silly audit   'cheerio-select': [ '2.1.0' ],
213 silly audit   chownr: [ '2.0.0' ],
213 silly audit   'color-support': [ '1.1.3' ],
213 silly audit   'combined-stream': [ '1.0.8' ],
213 silly audit   commander: [ '6.2.1' ],
213 silly audit   'concat-map': [ '0.0.1' ],
213 silly audit   'console-control-strings': [ '1.1.0' ],
213 silly audit   'content-disposition': [ '0.5.4' ],
213 silly audit   'content-type': [ '1.0.5' ],
213 silly audit   cookie: [ '0.7.2' ],
213 silly audit   'cookie-signature': [ '1.0.7' ],
213 silly audit   'core-util-is': [ '1.0.3' ],
213 silly audit   cors: [ '2.8.5' ],
213 silly audit   'css-select': [ '5.1.0' ],
213 silly audit   'css-what': [ '6.1.0' ],
213 silly audit   cssstyle: [ '4.1.0' ],
213 silly audit   'data-urls': [ '5.0.0' ],
213 silly audit   tr46: [ '5.0.0', '0.0.3' ],
213 silly audit   'webidl-conversions': [ '7.0.0', '3.0.1' ],
213 silly audit   'whatwg-url': [ '14.0.0', '5.0.0' ],
213 silly audit   'decimal.js': [ '10.4.3' ],
213 silly audit   'decompress-response': [ '6.0.0' ],
213 silly audit   'mimic-response': [ '3.1.0', '4.0.0' ],
213 silly audit   'defer-to-connect': [ '2.0.1' ],
213 silly audit   'delayed-stream': [ '1.0.0' ],
213 silly audit   delegates: [ '1.0.0' ],
213 silly audit   denque: [ '2.1.0' ],
213 silly audit   depd: [ '2.0.0' ],
213 silly audit   destroy: [ '1.2.0' ],
213 silly audit   'detect-libc': [ '2.0.3' ],
213 silly audit   dgram: [ '1.0.1' ],
213 silly audit   'discord-api-types': [ '0.38.37' ],
213 silly audit   'discord.js': [ '14.25.1' ],
213 silly audit   'dom-serializer': [ '2.0.0' ],
213 silly audit   domelementtype: [ '2.3.0' ],
213 silly audit   domhandler: [ '5.0.3' ],
213 silly audit   domutils: [ '3.1.0' ],
213 silly audit   'dunder-proto': [ '1.0.1' ],
213 silly audit   'ee-first': [ '1.1.1' ],
213 silly audit   'emoji-regex': [ '8.0.0' ],
213 silly audit   encodeurl: [ '2.0.0' ],
213 silly audit   entities: [ '4.5.0' ],
213 silly audit   'es-define-property': [ '1.0.1' ],
213 silly audit   'es-errors': [ '1.3.0' ],
213 silly audit   'es-object-atoms': [ '1.1.1' ],
213 silly audit   'es-set-tostringtag': [ '2.1.0' ],
213 silly audit   'escape-html': [ '1.0.3' ],
213 silly audit   etag: [ '1.8.1' ],
213 silly audit   'event-to-promise': [ '0.7.0' ],
213 silly audit   'fast-deep-equal': [ '3.1.3' ],
213 silly audit   finalhandler: [ '1.3.2' ],
213 silly audit   'fluent-ffmpeg': [ '2.1.3' ],
213 silly audit   'follow-redirects': [ '1.15.11' ],
213 silly audit   'form-data': [ '4.0.5' ],
213 silly audit   'form-data-encoder': [ '2.1.4' ],
213 silly audit   forwarded: [ '0.2.0' ],
213 silly audit   fresh: [ '0.5.2' ],
213 silly audit   'fs-minipass': [ '2.1.0' ],
213 silly audit   minipass: [ '3.3.6', '5.0.0' ],
213 silly audit   'fs.realpath': [ '1.0.0' ],
213 silly audit   'function-bind': [ '1.1.2' ],
213 silly audit   gamedig: [ '5.1.4' ],
213 silly audit   gauge: [ '3.0.2' ],
213 silly audit   gbxremote: [ '0.2.1' ],
213 silly audit   'generate-function': [ '2.3.1' ],
213 silly audit   'get-intrinsic': [ '1.3.0' ],
213 silly audit   'get-proto': [ '1.0.1' ],
213 silly audit   'get-stream': [ '6.0.1', '8.0.1' ],
213 silly audit   glob: [ '7.2.3' ],
213 silly audit   gopd: [ '1.2.0' ],
213 silly audit   got: [ '13.0.0' ],
213 silly audit   'has-symbols': [ '1.1.0' ],
213 silly audit   'has-tostringtag': [ '1.0.2' ],
213 silly audit   'has-unicode': [ '2.0.1' ],
213 silly audit   hasown: [ '2.0.2' ],
213 silly audit   'html-encoding-sniffer': [ '4.0.0' ],
213 silly audit   htmlparser2: [ '8.0.2' ],
213 silly audit   'http-cache-semantics': [ '4.1.1' ],
213 silly audit   'http-errors': [ '2.0.1' ],
213 silly audit   'http-proxy-agent': [ '7.0.2' ],
213 silly audit   'http2-wrapper': [ '2.2.1' ],
213 silly audit   inflight: [ '1.0.6' ],
213 silly audit   inherits: [ '2.0.4' ],
213 silly audit   'ipaddr.js': [ '1.9.1' ],
213 silly audit   'is-fullwidth-code-point': [ '3.0.0' ],
213 silly audit   'is-potential-custom-element-name': [ '1.0.1' ],
213 silly audit   'is-property': [ '1.0.2' ],
213 silly audit   isarray: [ '0.0.1', '1.0.0' ],
213 silly audit   isexe: [ '2.0.0' ],
213 silly audit   jsdom: [ '25.0.1' ],
213 silly audit   'json-buffer': [ '3.0.1' ],
213 silly audit   keyv: [ '4.5.4' ],
213 silly audit   lodash: [ '4.17.21' ],
213 silly audit   'lodash.snakecase': [ '4.1.1' ],
213 silly audit   long: [ '5.2.3' ],
213 silly audit   'lowercase-keys': [ '3.0.0' ],
213 silly audit   'lru-cache': [ '7.18.3' ],
213 silly audit   'lru.min': [ '1.1.1' ],
213 silly audit   m3u8stream: [ '0.8.6' ],
213 silly audit   'magic-bytes.js': [ '1.12.1' ],
213 silly audit   'make-dir': [ '3.1.0' ],
213 silly audit   semver: [ '6.3.1', '7.6.3' ],
213 silly audit   'math-intrinsics': [ '1.1.0' ],
213 silly audit   'media-typer': [ '0.3.0' ],
213 silly audit   'merge-descriptors': [ '1.0.3' ],
213 silly audit   methods: [ '1.1.2' ],
213 silly audit   mime: [ '1.6.0' ],
213 silly audit   'mime-db': [ '1.52.0' ],
213 silly audit   'mime-types': [ '2.1.35' ],
213 silly audit   miniget: [ '4.2.3' ],
213 silly audit   minimatch: [ '3.1.2' ],
213 silly audit   minimist: [ '1.2.8' ],
213 silly audit   minizlib: [ '2.1.2' ],
213 silly audit   mkdirp: [ '1.0.4' ],
213 silly audit   moment: [ '2.30.1' ],
213 silly audit   'moment-timezone': [ '0.5.46' ],
213 silly audit   mysql2: [ '3.11.5' ],
213 silly audit   'named-placeholders': [ '1.1.3' ],
213 silly audit   negotiator: [ '0.6.3' ],
213 silly audit   'node-addon-api': [ '5.1.0' ],
213 silly audit   'node-fetch': [ '2.7.0' ],
213 silly audit   nodemailer: [ '7.0.12' ],
213 silly audit   nopt: [ '5.0.0' ],
213 silly audit   'normalize-url': [ '8.0.1' ],
213 silly audit   npmlog: [ '5.0.1' ],
213 silly audit   'nth-check': [ '2.1.1' ],
213 silly audit   nwsapi: [ '2.2.16' ],
213 silly audit   'object-assign': [ '4.1.1' ],
213 silly audit   'object-inspect': [ '1.13.4' ],
213 silly audit   'on-finished': [ '2.4.1' ],
213 silly audit   once: [ '1.4.0' ],
213 silly audit   'p-cancelable': [ '3.0.0' ],
213 silly audit   parse5: [ '7.2.1' ],
213 silly audit   'parse5-htmlparser2-tree-adapter': [ '7.1.0' ],
213 silly audit   parseurl: [ '1.3.3' ],
213 silly audit   'path-is-absolute': [ '1.0.1' ],
213 silly audit   'path-to-regexp': [ '0.1.12' ],
213 silly audit   'process-nextick-args': [ '2.0.1' ],
213 silly audit   'proxy-addr': [ '2.0.7' ],
213 silly audit   'proxy-from-env': [ '1.1.0' ],
213 silly audit   punycode: [ '2.3.1' ],
213 silly audit   qs: [ '6.14.0' ],
213 silly audit   query: [ '0.2.0' ],
213 silly audit   'quick-lru': [ '5.1.1' ],
213 silly audit   'range-parser': [ '1.2.1' ],
213 silly audit   'raw-body': [ '2.5.3' ],
213 silly audit   'resolve-alpn': [ '1.2.1' ],
213 silly audit   responselike: [ '3.0.0' ],
213 silly audit   rimraf: [ '3.0.2' ],
213 silly audit   'rrweb-cssom': [ '0.7.1' ],
213 silly audit   'safe-buffer': [ '5.2.1', '5.1.2' ],
213 silly audit   'safer-buffer': [ '2.1.2' ],
213 silly audit   'samp-query': [ '0.1.5' ],
213 silly audit   saxes: [ '6.0.0' ],
213 silly audit   'seek-bzip': [ '2.0.0' ],
213 silly audit   send: [ '0.19.2' ],
213 silly audit   'seq-queue': [ '0.0.5' ],
213 silly audit   'serve-static': [ '1.16.3' ],
213 silly audit   'set-blocking': [ '2.0.0' ],
213 silly audit   setprototypeof: [ '1.2.0' ],
213 silly audit   'side-channel': [ '1.1.0' ],
213 silly audit   'side-channel-list': [ '1.0.0' ],
213 silly audit   'side-channel-map': [ '1.0.1' ],
213 silly audit   'side-channel-weakmap': [ '1.0.2' ],
213 silly audit   'signal-exit': [ '3.0.7', '4.1.0' ],
213 silly audit   sqlstring: [ '2.3.3' ],
213 silly audit   statuses: [ '2.0.2' ],
213 silly audit   'string-to-stream': [ '1.1.1' ],
213 silly audit   'string-width': [ '4.2.3' ],
213 silly audit   'strip-ansi': [ '6.0.1' ],
213 silly audit   'symbol-tree': [ '3.2.4' ],
213 silly audit   tar: [ '6.2.1' ],
213 silly audit   tinyurl: [ '1.1.7' ],
213 silly audit   tldts: [ '6.1.65' ],
213 silly audit   'tldts-core': [ '6.1.65' ],
213 silly audit   toidentifier: [ '1.0.1' ],
213 silly audit   'tough-cookie': [ '5.1.2' ],
213 silly audit   'ts-mixer': [ '6.0.4' ],
213 silly audit   tslib: [ '2.8.1' ],
213 silly audit   'type-is': [ '1.6.18' ],
213 silly audit   'undici-types': [ '7.16.0' ],
213 silly audit   unpipe: [ '1.0.0' ],
213 silly audit   'util-deprecate': [ '1.0.2' ],
213 silly audit   'utils-merge': [ '1.0.1' ],
213 silly audit   varint: [ '6.0.0' ],
213 silly audit   vary: [ '1.1.2' ],
213 silly audit   'w3c-xmlserializer': [ '5.0.0' ],
213 silly audit   'whatwg-encoding': [ '3.1.1' ],
213 silly audit   'whatwg-mimetype': [ '4.0.0' ],
213 silly audit   which: [ '1.3.1', '2.0.2' ],
213 silly audit   'wide-align': [ '1.1.5' ],
213 silly audit   wrappy: [ '1.0.2' ],
213 silly audit   ws: [ '8.18.0' ],
213 silly audit   'xml-name-validator': [ '5.0.0' ],
213 silly audit   xmlbuilder: [ '8.2.2' ],
213 silly audit   xmlchars: [ '2.2.0' ],
213 silly audit   xmlrpc: [ '1.3.2' ],
213 silly audit   yallist: [ '4.0.0' ],
213 silly audit   'ytdl-core': [ '4.11.5' ],
213 silly audit   express: [ '4.22.1' ],
213 silly audit   'youtube-dl-exec': [ '3.0.28' ],
213 silly audit   'binary-version-check': [ '6.1.0' ],
213 silly audit   dargs: [ '7.0.0' ],
213 silly audit   'debug-logfmt': [ '1.4.7' ],
213 silly audit   'is-unix': [ '2.0.14' ],
213 silly audit   tinyspawn: [ '1.5.5' ],
213 silly audit   'binary-version': [ '7.1.0' ],
213 silly audit   'semver-truncate': [ '3.0.0' ],
213 silly audit   execa: [ '8.0.1' ],
213 silly audit   'find-versions': [ '6.0.0' ],
213 silly audit   '@kikobeats/time-span': [ '1.0.11' ],
213 silly audit   'null-prototype-object': [ '1.2.5' ],
213 silly audit   'pretty-ms': [ '7.0.1' ],
213 silly audit   'cross-spawn': [ '7.0.6' ],
213 silly audit   'human-signals': [ '5.0.0' ],
213 silly audit   'is-stream': [ '3.0.0' ],
213 silly audit   'merge-stream': [ '2.0.0' ],
213 silly audit   'npm-run-path': [ '5.3.0' ],
213 silly audit   onetime: [ '6.0.0' ],
213 silly audit   'strip-final-newline': [ '3.0.0' ],
213 silly audit   'path-key': [ '3.1.1', '4.0.0' ],
213 silly audit   'shebang-command': [ '2.0.0' ],
213 silly audit   'semver-regex': [ '4.0.5' ],
213 silly audit   'super-regex': [ '1.1.0' ],
213 silly audit   'mimic-fn': [ '4.0.0' ],
213 silly audit   'parse-ms': [ '2.1.0' ],
213 silly audit   'shebang-regex': [ '3.0.0' ],
213 silly audit   'function-timeout': [ '1.0.2' ],
213 silly audit   'make-asynchronous': [ '1.0.1' ],
213 silly audit   'time-span': [ '5.1.0' ],
213 silly audit   'p-event': [ '6.0.1' ],
213 silly audit   'type-fest': [ '4.41.0' ],
213 silly audit   'web-worker': [ '1.2.0' ],
213 silly audit   'p-timeout': [ '6.1.4' ],
213 silly audit   'convert-hrtime': [ '5.0.0' ]
213 silly audit }
214 http cache convert-hrtime@https://registry.npmjs.org/convert-hrtime/-/convert-hrtime-5.0.0.tgz 0ms (cache hit)
215 http cache p-timeout@https://registry.npmjs.org/p-timeout/-/p-timeout-6.1.4.tgz 0ms (cache hit)
216 http cache web-worker@https://registry.npmjs.org/web-worker/-/web-worker-1.2.0.tgz 0ms (cache hit)
217 http cache type-fest@https://registry.npmjs.org/type-fest/-/type-fest-4.41.0.tgz 0ms (cache hit)
218 http cache p-event@https://registry.npmjs.org/p-event/-/p-event-6.0.1.tgz 0ms (cache hit)
219 http cache time-span@https://registry.npmjs.org/time-span/-/time-span-5.1.0.tgz 0ms (cache hit)
220 http cache make-asynchronous@https://registry.npmjs.org/make-asynchronous/-/make-asynchronous-1.0.1.tgz 0ms (cache hit)
221 http cache function-timeout@https://registry.npmjs.org/function-timeout/-/function-timeout-1.0.2.tgz 0ms (cache hit)
222 http cache shebang-regex@https://registry.npmjs.org/shebang-regex/-/shebang-regex-3.0.0.tgz 0ms (cache hit)
223 http cache parse-ms@https://registry.npmjs.org/parse-ms/-/parse-ms-2.1.0.tgz 0ms (cache hit)
224 http cache mimic-fn@https://registry.npmjs.org/mimic-fn/-/mimic-fn-4.0.0.tgz 0ms (cache hit)
225 http cache super-regex@https://registry.npmjs.org/super-regex/-/super-regex-1.1.0.tgz 0ms (cache hit)
226 http cache semver-regex@https://registry.npmjs.org/semver-regex/-/semver-regex-4.0.5.tgz 0ms (cache hit)
227 http cache shebang-command@https://registry.npmjs.org/shebang-command/-/shebang-command-2.0.0.tgz 0ms (cache hit)
228 http cache path-key@https://registry.npmjs.org/path-key/-/path-key-3.1.1.tgz 0ms (cache hit)
229 http cache strip-final-newline@https://registry.npmjs.org/strip-final-newline/-/strip-final-newline-3.0.0.tgz 0ms (cache hit)
230 http cache onetime@https://registry.npmjs.org/onetime/-/onetime-6.0.0.tgz 0ms (cache hit)
231 http cache npm-run-path@https://registry.npmjs.org/npm-run-path/-/npm-run-path-5.3.0.tgz 0ms (cache hit)
232 http cache merge-stream@https://registry.npmjs.org/merge-stream/-/merge-stream-2.0.0.tgz 0ms (cache hit)
233 http cache is-stream@https://registry.npmjs.org/is-stream/-/is-stream-3.0.0.tgz 0ms (cache hit)
234 http cache human-signals@https://registry.npmjs.org/human-signals/-/human-signals-5.0.0.tgz 0ms (cache hit)
235 http cache cross-spawn@https://registry.npmjs.org/cross-spawn/-/cross-spawn-7.0.6.tgz 0ms (cache hit)
236 http cache pretty-ms@https://registry.npmjs.org/pretty-ms/-/pretty-ms-7.0.1.tgz 0ms (cache hit)
237 http cache null-prototype-object@https://registry.npmjs.org/null-prototype-object/-/null-prototype-object-1.2.5.tgz 0ms (cache hit)
238 http cache @kikobeats/time-span@https://registry.npmjs.org/@kikobeats/time-span/-/time-span-1.0.11.tgz 0ms (cache hit)
239 http cache find-versions@https://registry.npmjs.org/find-versions/-/find-versions-6.0.0.tgz 0ms (cache hit)
240 http cache execa@https://registry.npmjs.org/execa/-/execa-8.0.1.tgz 0ms (cache hit)
241 http cache semver-truncate@https://registry.npmjs.org/semver-truncate/-/semver-truncate-3.0.0.tgz 0ms (cache hit)
242 http cache binary-version@https://registry.npmjs.org/binary-version/-/binary-version-7.1.0.tgz 0ms (cache hit)
243 http cache tinyspawn@https://registry.npmjs.org/tinyspawn/-/tinyspawn-1.5.5.tgz 0ms (cache hit)
244 http cache is-unix@https://registry.npmjs.org/is-unix/-/is-unix-2.0.14.tgz 0ms (cache hit)
245 http cache debug-logfmt@https://registry.npmjs.org/debug-logfmt/-/debug-logfmt-1.4.7.tgz 0ms (cache hit)
246 http cache dargs@https://registry.npmjs.org/dargs/-/dargs-7.0.0.tgz 0ms (cache hit)
247 http cache binary-version-check@https://registry.npmjs.org/binary-version-check/-/binary-version-check-6.1.0.tgz 0ms (cache hit)
248 http cache youtube-dl-exec@https://registry.npmjs.org/youtube-dl-exec/-/youtube-dl-exec-3.0.28.tgz 0ms (cache hit)
249 http cache path-key@https://registry.npmjs.org/path-key/-/path-key-4.0.0.tgz 0ms (cache hit)
250 http cache which@https://registry.npmjs.org/which/-/which-2.0.2.tgz 0ms (cache hit)
251 http cache signal-exit@https://registry.npmjs.org/signal-exit/-/signal-exit-4.1.0.tgz 1ms (cache hit)
252 http cache get-stream@https://registry.npmjs.org/get-stream/-/get-stream-8.0.1.tgz 0ms (cache hit)
253 info run youtube-dl-exec@3.0.28 preinstall node_modules/youtube-dl-exec node scripts/preinstall.mjs
254 http fetch POST 200 https://registry.npmjs.org/-/npm/v1/security/advisories/bulk 414ms
255 silly audit report {}
256 info run youtube-dl-exec@3.0.28 preinstall { code: 1, signal: null }
257 verbose stack Error: command failed
257 verbose stack     at promiseSpawn (/usr/local/lib/node_modules/npm/node_modules/@npmcli/promise-spawn/lib/index.js:22:22)
257 verbose stack     at spawnWithShell (/usr/local/lib/node_modules/npm/node_modules/@npmcli/promise-spawn/lib/index.js:124:10)
257 verbose stack     at promiseSpawn (/usr/local/lib/node_modules/npm/node_modules/@npmcli/promise-spawn/lib/index.js:12:12)
257 verbose stack     at runScriptPkg (/usr/local/lib/node_modules/npm/node_modules/@npmcli/run-script/lib/run-script-pkg.js:79:13)
257 verbose stack     at runScript (/usr/local/lib/node_modules/npm/node_modules/@npmcli/run-script/lib/run-script.js:9:12)
257 verbose stack     at /usr/local/lib/node_modules/npm/node_modules/@npmcli/arborist/lib/arborist/rebuild.js:329:17
257 verbose stack     at run (/usr/local/lib/node_modules/npm/node_modules/promise-call-limit/dist/commonjs/index.js:67:22)
257 verbose stack     at /usr/local/lib/node_modules/npm/node_modules/promise-call-limit/dist/commonjs/index.js:84:9
257 verbose stack     at new Promise (<anonymous>)
257 verbose stack     at callLimit (/usr/local/lib/node_modules/npm/node_modules/promise-call-limit/dist/commonjs/index.js:35:69)
258 verbose pkgid youtube-dl-exec@3.0.28
259 error code 1
260 error path /home/container/node_modules/youtube-dl-exec
261 error command failed
262 error command sh -c node scripts/preinstall.mjs
263 error file:///home/container/node_modules/youtube-dl-exec/scripts/preinstall.mjs:4
263 error   throw new Error(
263 error         ^
263 error
263 error Error: youtube-dl-exec needs Python. Couldn't find the `python` binary. Make sure it's installed and in your $PATH.. You can skip this check passing `YOUTUBE_DL_SKIP_PYTHON_CHECK=1`
263 error     at throwError (file:///home/container/node_modules/youtube-dl-exec/scripts/preinstall.mjs:4:9)
263 error     at file:///home/container/node_modules/youtube-dl-exec/scripts/preinstall.mjs:20:21
263 error
263 error Node.js v22.21.0
264 silly unfinished npm timer reify 1766888526917
265 silly unfinished npm timer reify:build 1766888528643
266 silly unfinished npm timer build 1766888528644
267 silly unfinished npm timer build:deps 1766888528644
268 silly unfinished npm timer build:run:preinstall 1766888528648
269 silly unfinished npm timer build:run:preinstall:node_modules/youtube-dl-exec 1766888528648
270 verbose cwd /home/container
271 verbose os Linux 6.8.0-1043-gcp
272 verbose node v22.21.0
273 verbose npm  v10.9.4
274 verbose exit 1
275 verbose code 1
276 error A complete log of this run can be found in: /home/container/.npm/_logs/2025-12-28T02_22_06_155Z-debug-0.log
